<?xml version="1.0" encoding="utf-8"?><testsuite errors="0" failures="0" name="pytest" skips="1" tests="2" time="0.205"><testcase classname="tests.SimpleTest" file="tests.py" line="13" name="test_pass" time="0.00762295722961"></testcase><testcase classname="tests.SimpleTest" file="../../../usr/lib/python2.7/unittest/case.py" line="59" name="test_skipped" time="0.00603914260864"><skipped message="demonstrating skipping" type="pytest.skip">../../../usr/lib/python2.7/unittest/case.py:59: &lt;py._xmlgen.raw object at 0x7fb3e7bc90&gt;</skipped></testcase></testsuite>